
Allocating common symbols
Common symbol       size              file

cpu_ms_loopcnt      0x4               standby_clock.o

Memory Configuration

Name             Origin             Length             Attributes
*default*        0x00000000         0xffffffff

Linker script and memory map

                0x00000000                __resume0_start = .

.text           0x40100000     0xabd8
 resume0.o(.text)
 .text          0x40100000       0x88 resume0.o
                0x40100000                main
 *(.text)
 .text          0x40100088      0x344 mem_power.o
                0x40100088                mem_power_init
                0x40100160                mem_power_exit
                0x4010024c                mem_power_off
                0x4010030c                mem_power_off_nommu
 .text          0x401003cc      0x10c pm_debug.o
                0x401003cc                busy_waiting
                0x401003fc                fake_busy_waiting
                0x4010042c                save_mem_flag
                0x4010047c                save_mem_status
                0x40100498                get_mem_status
                0x401004bc                save_mem_status_nommu
 .text          0x401004d8      0x454 stack.o
                0x401004d8                save_sp
                0x401004e4                save_sp_nommu
                0x401004f0                restore_sp
                0x401004f8                standby_flush_tlb
                0x40100534                flush_dcache
                0x401005d0                flush_icache
                0x401005e8                invalidate_branch_predictor
                0x40100600                disable_cache
                0x40100620                disable_dcache
                0x4010063c                disable_l2cache
                0x40100658                disable_program_flow_prediction
                0x40100674                enable_cache
                0x40100694                enable_program_flow_prediction
                0x401006b0                standby_preload_tlb
                0x401007a4                standby_preload_tlb_nommu
                0x40100898                disable_mmu
 .text          0x4010092c      0xe18 standby_twi.o
                0x4010092c                standby_twi_init
                0x401009e4                standby_twi_exit
                0x40100bc4                setup_twi_env
                0x40100c58                twi_byte_rw
                0x401011c4                twi_byte_rw_nommu
 .text          0x40101744        0xc standby_delay.o
                0x40101744                standby_delay
 .text          0x40101750       0xac common.o
                0x40101750                standby_memcpy
                0x401017c8                standby_mdelay
 .text          0x401017fc      0x958 standby_clock.o
                0x401017fc                standby_clk_init
                0x40101918                standby_clk_exit
                0x40101a08                standby_clk_core2losc
                0x40101a4c                standby_clk_core2hosc
                0x40101a94                standby_clk_core2pll
                0x40101adc                standby_clk_plldisable
                0x40101ba0                mem_clk_plldisable
                0x40101c4c                standby_clk_pllenable
                0x40101d10                standby_clk_hoscdisable
                0x40101d44                standby_clk_hoscenable
                0x40101d78                standby_clk_ldodisable
                0x40101df8                standby_clk_ldoenable
                0x40101e78                standby_clk_setdiv
                0x40101f40                standby_clk_set_pll_factor
                0x40101fc4                standby_clk_getdiv
                0x4010208c                standby_clk_dramgating
                0x401020e8                standby_clk_apb2losc
                0x40102120                standby_clk_apb2hosc
 *fill*         0x40102154        0xc 00
 .text          0x40102160     0x6cc0 resume1_asm.o
                0x40102160                resume1_bin_start
                0x40108e1c                resume1_bin_end
 .text          0x40108e20      0x150 mem_mmu_pc_asm.o
                0x40108e20                invalidate_dcache
                0x40108ec0                jump_to_resume
                0x40108ee0                jump_to_resume0
                0x40108ef0                jump_to_resume0_nommu
                0x40108f20                save_runtime_context
                0x40108f30                clear_reg_context
 .text          0x40108f70     0x1c68 mem_cpu.o
                0x40108f70                __save_processor_state
                0x40109cfc                __restore_processor_state
                0x4010a218                mem_restore_processor_state
                0x4010a234                disable_cache_invalidate
                0x4010a284                set_copro_default

.glue_7         0x4010abd8        0x0
 .glue_7        0x00000000        0x0 linker stubs

.glue_7t        0x4010abd8        0x0
 .glue_7t       0x00000000        0x0 linker stubs

.vfp11_veneer   0x4010abd8        0x0
 .vfp11_veneer  0x00000000        0x0 linker stubs

.v4_bx          0x4010abd8        0x0
 .v4_bx         0x00000000        0x0 linker stubs

.rodata
 *(.rodata)

.data           0x4010abd8       0xd0
 *(.data)
 .data          0x4010abd8        0x0 resume0.o
 .data          0x4010abd8        0x0 mem_power.o
 .data          0x4010abd8        0x0 pm_debug.o
 .data          0x4010abd8        0x0 stack.o
 .data          0x4010abd8        0xc standby_twi.o
 .data          0x4010abe4        0x0 standby_delay.o
 .data          0x4010abe4        0x0 common.o
 .data          0x4010abe4        0x0 standby_clock.o
 .data          0x4010abe4        0x0 resume1_asm.o
 .data          0x4010abe4        0x0 mem_mmu_pc_asm.o
 .data          0x4010abe4       0xc4 mem_cpu.o
                0x4010aca8                __bss_start = .

.bss            0x4010aca8      0x24c
 *(.sbss)
 *(.scommon)
 *(.bss)
 .bss           0x4010aca8      0x21c resume0.o
 .bss           0x4010aec4        0x0 mem_power.o
 .bss           0x4010aec4        0x0 pm_debug.o
 .bss           0x4010aec4        0x0 stack.o
 .bss           0x4010aec4        0xc standby_twi.o
 .bss           0x4010aed0        0x0 standby_delay.o
 .bss           0x4010aed0        0x0 common.o
 .bss           0x4010aed0       0x20 standby_clock.o
 .bss           0x4010aef0        0x0 resume1_asm.o
 .bss           0x4010aef0        0x0 mem_mmu_pc_asm.o
 .bss           0x4010aef0        0x0 mem_cpu.o
 *(COMMON)
 COMMON         0x4010aef0        0x4 standby_clock.o
                0x4010aef0                cpu_ms_loopcnt
                0x4010aef4                __bss_end = .
                0x4010aef4                __resume0_end = .
LOAD resume0.o
LOAD mem_power.o
LOAD pm_debug.o
LOAD stack.o
LOAD standby_twi.o
LOAD standby_delay.o
LOAD common.o
LOAD standby_clock.o
LOAD resume1_asm.o
LOAD mem_mmu_pc_asm.o
LOAD mem_cpu.o
OUTPUT(resume0.elf elf32-littlearm)

.debug_abbrev   0x00000000      0x745
 .debug_abbrev  0x00000000       0xd5 resume0.o
 .debug_abbrev  0x000000d5       0xba mem_power.o
 .debug_abbrev  0x0000018f       0x9f pm_debug.o
 .debug_abbrev  0x0000022e       0x14 stack.o
 .debug_abbrev  0x00000242      0x1ef standby_twi.o
 .debug_abbrev  0x00000431       0x14 standby_delay.o
 .debug_abbrev  0x00000445       0x9c common.o
 .debug_abbrev  0x000004e1      0x16a standby_clock.o
 .debug_abbrev  0x0000064b       0x14 mem_mmu_pc_asm.o
 .debug_abbrev  0x0000065f       0xe6 mem_cpu.o

.debug_info     0x00000000     0x5119
 .debug_info    0x00000000      0x4fd resume0.o
 .debug_info    0x000004fd      0x16c mem_power.o
 .debug_info    0x00000669      0x14b pm_debug.o
 .debug_info    0x000007b4       0x86 stack.o
 .debug_info    0x0000083a     0x215b standby_twi.o
 .debug_info    0x00002995       0x8e standby_delay.o
 .debug_info    0x00002a23      0x117 common.o
 .debug_info    0x00002b3a     0x2134 standby_clock.o
 .debug_info    0x00004c6e       0x92 mem_mmu_pc_asm.o
 .debug_info    0x00004d00      0x419 mem_cpu.o

.debug_line     0x00000000      0x9d0
 .debug_line    0x00000000       0x94 resume0.o
 .debug_line    0x00000094       0xbc mem_power.o
 .debug_line    0x00000150       0x6d pm_debug.o
 .debug_line    0x000001bd      0x131 stack.o
 .debug_line    0x000002ee      0x294 standby_twi.o
 .debug_line    0x00000582       0x41 standby_delay.o
 .debug_line    0x000005c3       0x7b common.o
 .debug_line    0x0000063e      0x170 standby_clock.o
 .debug_line    0x000007ae       0x8a mem_mmu_pc_asm.o
 .debug_line    0x00000838      0x198 mem_cpu.o

.debug_loc      0x00000000      0x738
 .debug_loc     0x00000000       0x2c resume0.o
 .debug_loc     0x0000002c       0xb0 mem_power.o
 .debug_loc     0x000000dc      0x108 pm_debug.o
 .debug_loc     0x000001e4      0x108 standby_twi.o
 .debug_loc     0x000002ec       0x58 common.o
 .debug_loc     0x00000344      0x318 standby_clock.o
 .debug_loc     0x0000065c       0xdc mem_cpu.o

.debug_pubnames
                0x00000000      0x441
 .debug_pubnames
                0x00000000       0x1b resume0.o
 .debug_pubnames
                0x0000001b       0x62 mem_power.o
 .debug_pubnames
                0x0000007d       0x8c pm_debug.o
 .debug_pubnames
                0x00000109       0x74 standby_twi.o
 .debug_pubnames
                0x0000017d       0x38 common.o
 .debug_pubnames
                0x000001b5      0x1ee standby_clock.o
 .debug_pubnames
                0x000003a3       0x9e mem_cpu.o

.debug_pubtypes
                0x00000000     0x134e
 .debug_pubtypes
                0x00000000       0x4c resume0.o
 .debug_pubtypes
                0x0000004c       0x37 mem_power.o
 .debug_pubtypes
                0x00000083       0x1c pm_debug.o
 .debug_pubtypes
                0x0000009f      0x947 standby_twi.o
 .debug_pubtypes
                0x000009e6       0x1c common.o
 .debug_pubtypes
                0x00000a02      0x91e standby_clock.o
 .debug_pubtypes
                0x00001320       0x2e mem_cpu.o

.debug_aranges  0x00000000      0x140
 .debug_aranges
                0x00000000       0x20 resume0.o
 .debug_aranges
                0x00000020       0x20 mem_power.o
 .debug_aranges
                0x00000040       0x20 pm_debug.o
 .debug_aranges
                0x00000060       0x20 stack.o
 .debug_aranges
                0x00000080       0x20 standby_twi.o
 .debug_aranges
                0x000000a0       0x20 standby_delay.o
 .debug_aranges
                0x000000c0       0x20 common.o
 .debug_aranges
                0x000000e0       0x20 standby_clock.o
 .debug_aranges
                0x00000100       0x20 mem_mmu_pc_asm.o
 .debug_aranges
                0x00000120       0x20 mem_cpu.o

.debug_str      0x00000000     0x15ad
 .debug_str     0x00000000      0x2c0 resume0.o
                                0x30c (size before relaxing)
 .debug_str     0x000002c0       0x9e mem_power.o
                                0x186 (size before relaxing)
 .debug_str     0x0000035e       0x7a pm_debug.o
                                0x155 (size before relaxing)
 .debug_str     0x000003d8      0xf0a standby_twi.o
                               0x1051 (size before relaxing)
 .debug_str     0x000012e2       0x4d common.o
                                0x120 (size before relaxing)
 .debug_str     0x0000132f      0x1de standby_clock.o
                               0x10ce (size before relaxing)
 .debug_str     0x0000150d       0xa0 mem_cpu.o
                                0x29c (size before relaxing)

.comment        0x00000000       0x2a
 .comment       0x00000000       0x2a resume0.o
                                 0x2b (size before relaxing)
 .comment       0x00000000       0x2b mem_power.o
 .comment       0x00000000       0x2b pm_debug.o
 .comment       0x00000000       0x2b standby_twi.o
 .comment       0x00000000       0x2b common.o
 .comment       0x00000000       0x2b standby_clock.o
 .comment       0x00000000       0x2b mem_cpu.o

.note.GNU-stack
                0x00000000        0x0
 .note.GNU-stack
                0x00000000        0x0 resume0.o
 .note.GNU-stack
                0x00000000        0x0 mem_power.o
 .note.GNU-stack
                0x00000000        0x0 pm_debug.o
 .note.GNU-stack
                0x00000000        0x0 standby_twi.o
 .note.GNU-stack
                0x00000000        0x0 common.o
 .note.GNU-stack
                0x00000000        0x0 standby_clock.o
 .note.GNU-stack
                0x00000000        0x0 mem_cpu.o

.ARM.attributes
                0x00000000       0x2d
 .ARM.attributes
                0x00000000       0x2f resume0.o
 .ARM.attributes
                0x0000002f       0x2f mem_power.o
 .ARM.attributes
                0x0000005e       0x2f pm_debug.o
 .ARM.attributes
                0x0000008d       0x1f stack.o
 .ARM.attributes
                0x000000ac       0x2f standby_twi.o
 .ARM.attributes
                0x000000db       0x1f standby_delay.o
 .ARM.attributes
                0x000000fa       0x2f common.o
 .ARM.attributes
                0x00000129       0x2f standby_clock.o
 .ARM.attributes
                0x00000158       0x1f resume1_asm.o
 .ARM.attributes
                0x00000177       0x1f mem_mmu_pc_asm.o
 .ARM.attributes
                0x00000196       0x2f mem_cpu.o

.debug_frame    0x00000000      0x484
 .debug_frame   0x00000000       0x2c resume0.o
 .debug_frame   0x0000002c       0x80 mem_power.o
 .debug_frame   0x000000ac       0xa0 pm_debug.o
 .debug_frame   0x0000014c       0xac standby_twi.o
 .debug_frame   0x000001f8       0x44 common.o
 .debug_frame   0x0000023c      0x1c0 standby_clock.o
 .debug_frame   0x000003fc       0x88 mem_cpu.o
