
Allocating common symbols
Common symbol       size              file

cpu_ms_loopcnt      0x4               standby_clock.o

Memory Configuration

Name             Origin             Length             Attributes
*default*        0x00000000         0xffffffff

Linker script and memory map

                0x00000000                __resume1_start = .

.text           0x00000000     0x6a80
 resume1.o(.text)
 .text          0x00000000      0x168 resume1.o
                0x00000000                main
 *(.text)
 .text          0x00000168      0x344 mem_power.o
                0x00000168                mem_power_init
                0x00000240                mem_power_exit
                0x0000032c                mem_power_off
                0x000003ec                mem_power_off_nommu
 .text          0x000004ac      0x10c pm_debug.o
                0x000004ac                busy_waiting
                0x000004dc                fake_busy_waiting
                0x0000050c                save_mem_flag
                0x0000055c                save_mem_status
                0x00000578                get_mem_status
                0x0000059c                save_mem_status_nommu
 .text          0x000005b8      0x454 stack.o
                0x000005b8                save_sp
                0x000005c4                save_sp_nommu
                0x000005d0                restore_sp
                0x000005d8                standby_flush_tlb
                0x00000614                flush_dcache
                0x000006b0                flush_icache
                0x000006c8                invalidate_branch_predictor
                0x000006e0                disable_cache
                0x00000700                disable_dcache
                0x0000071c                disable_l2cache
                0x00000738                disable_program_flow_prediction
                0x00000754                enable_cache
                0x00000774                enable_program_flow_prediction
                0x00000790                standby_preload_tlb
                0x00000884                standby_preload_tlb_nommu
                0x00000978                disable_mmu
 *fill*         0x00000a0c       0x14 00
 .text          0x00000a20      0x140 mem_mmu_pc.o
                0x00000a20                save_mmu_state
                0x00000a90                restore_mmu_state
                0x00000b2c                set_ttbr0
 .text          0x00000b60      0x150 mem_mmu_pc_asm.o
                0x00000b60                invalidate_dcache
                0x00000c00                jump_to_resume
                0x00000c20                jump_to_resume0
                0x00000c30                jump_to_resume0_nommu
                0x00000c60                save_runtime_context
                0x00000c70                clear_reg_context
 .text          0x00000cb0      0xe18 standby_twi.o
                0x00000cb0                standby_twi_init
                0x00000d68                standby_twi_exit
                0x00000f48                setup_twi_env
                0x00000fdc                twi_byte_rw
                0x00001548                twi_byte_rw_nommu
 .text          0x00001ac8        0xc standby_delay.o
                0x00001ac8                standby_delay
 .text          0x00001ad4      0x480 standby_int.o
                0x00001ad4                standby_int_init
                0x00001cec                standby_int_exit
                0x00001e04                standby_enable_int
                0x00001ecc                standby_query_int
 .text          0x00001f54      0x4e4 standby_tmr.o
                0x00001f54                standby_tmr_init
                0x000020bc                standby_tmr_exit
                0x0000219c                standby_tmr_set
                0x00002270                standby_tmr_enable_watchdog
                0x000022bc                standby_tmr_disable_watchdog
                0x00002318                standby_tmr_query
                0x0000238c                standby_tmr_mdlay
 .text          0x00002438       0xac common.o
                0x00002438                standby_memcpy
                0x000024b0                standby_mdelay
 .text          0x000024e4      0x958 standby_clock.o
                0x000024e4                standby_clk_init
                0x00002600                standby_clk_exit
                0x000026f0                standby_clk_core2losc
                0x00002734                standby_clk_core2hosc
                0x0000277c                standby_clk_core2pll
                0x000027c4                standby_clk_plldisable
                0x00002888                mem_clk_plldisable
                0x00002934                standby_clk_pllenable
                0x000029f8                standby_clk_hoscdisable
                0x00002a2c                standby_clk_hoscenable
                0x00002a60                standby_clk_ldodisable
                0x00002ae0                standby_clk_ldoenable
                0x00002b60                standby_clk_setdiv
                0x00002c28                standby_clk_set_pll_factor
                0x00002cac                standby_clk_getdiv
                0x00002d74                standby_clk_dramgating
                0x00002dd0                standby_clk_apb2losc
                0x00002e08                standby_clk_apb2hosc
 .text          0x00002e3c     0x1c68 mem_cpu.o
                0x00002e3c                __save_processor_state
                0x00003bc8                __restore_processor_state
                0x000040e4                mem_restore_processor_state
                0x00004100                disable_cache_invalidate
                0x00004150                set_copro_default
 .text          0x00004aa4      0x748 standby_power.o
                0x00004b88                standby_power_init
                0x00004ca8                standby_power_exit
                0x00004eb4                standby_set_voltage
                0x000050f4                standby_get_voltage
 .text          0x000051ec      0x8b8 dram/dram.o
                0x000051ec                mctl_precharge_all
                0x00005258                DRAMC_enter_selfrefresh
                0x00005308                mctl_mode_exit
                0x00005374                DRAMC_exit_selfrefresh
                0x00005440                DRAMC_enter_power_down
                0x000054ac                DRAMC_exit_power_down
                0x000054bc                DRAMC_hostport_on_off
                0x00005548                DRAMC_hostport_check_ahb_fifo_status
                0x0000559c                DRAMC_hostport_setup
                0x00005674                mctl_ahb_reset
                0x000056ec                DRAMC_retraining
                0x000059ac                dram_power_save_process
                0x000059c4                dram_power_up_process
                0x000059dc                dram_enter_selfrefresh
                0x000059ec                dram_exit_selfrefresh
                0x000059fc                dram_enter_power_down
                0x00005a0c                dram_exit_power_down
                0x00005a1c                dram_hostport_on_off
                0x00005a44                dram_hostport_check_ahb_fifo_status
                0x00005a6c                dram_hostport_setup
 .text          0x00005aa4      0xf58 dram/dram_init.o
                0x00005bcc                mctl_ddr3_reset
                0x00005c40                mctl_set_drive
                0x00005ca0                mctl_itm_disable
                0x00005cec                mctl_itm_enable
                0x00005d38                mctl_enable_dll0
                0x00005dc8                mctl_enable_dllx
                0x00005f6c                mctl_disable_dll
                0x0000609c                mctl_configure_hostport
                0x00006104                mctl_setup_dram_clock
                0x0000628c                DRAMC_init
                0x00006694                DRAMC_exit
                0x000066b0                DRAMC_scan_readpipe
                0x00006740                DRAMC_clock_output_en
                0x000067a4                DRAMC_set_autorefresh_cycle
                0x00006824                DRAMC_get_dram_size
                0x00006944                dram_init
                0x00006960                dram_exit
                0x00006978                dram_get_size
                0x00006990                dram_set_clock
                0x000069b4                dram_set_drive
                0x000069c4                dram_set_autorefresh_cycle
                0x000069e4                dram_scan_readpipe
 .text          0x000069fc       0x84 mem_tmr.o
                0x000069fc                mem_tmr_init
                0x00006a24                mem_tmr_disable_watchdog

.glue_7         0x00006a80        0x0
 .glue_7        0x00000000        0x0 linker stubs

.glue_7t        0x00006a80        0x0
 .glue_7t       0x00000000        0x0 linker stubs

.vfp11_veneer   0x00006a80        0x0
 .vfp11_veneer  0x00000000        0x0 linker stubs

.v4_bx          0x00006a80        0x0
 .v4_bx         0x00000000        0x0 linker stubs

.rodata
 *(.rodata)

.data           0x00006a80      0x23c
 *(.data)
 .data          0x00006a80        0x4 resume1.o
                0x00006a80                tmpPtr
 .data          0x00006a84        0x0 mem_power.o
 .data          0x00006a84        0x0 pm_debug.o
 .data          0x00006a84        0x0 stack.o
 .data          0x00006a84        0x0 mem_mmu_pc.o
 .data          0x00006a84        0x0 mem_mmu_pc_asm.o
 .data          0x00006a84        0xc standby_twi.o
 .data          0x00006a90        0x0 standby_delay.o
 .data          0x00006a90        0x0 standby_int.o
 .data          0x00006a90        0x0 standby_tmr.o
 .data          0x00006a90        0x0 common.o
 .data          0x00006a90        0x0 standby_clock.o
 .data          0x00006a90       0xc4 mem_cpu.o
 .data          0x00006b54       0xe8 standby_power.o
 .data          0x00006c3c        0x0 dram/dram.o
 .data          0x00006c3c       0x80 dram/dram_init.o
                0x00006c3c                hpcr_value
 .data          0x00006cbc        0x0 mem_tmr.o
                0x00006cbc                __bss_start = .

.bss            0x00006cbc      0x2a8
 *(.sbss)
 *(.scommon)
 *(.bss)
 .bss           0x00006cbc      0x22c resume1.o
 .bss           0x00006ee8        0x0 mem_power.o
 .bss           0x00006ee8        0x0 pm_debug.o
 .bss           0x00006ee8        0x0 stack.o
 .bss           0x00006ee8        0x0 mem_mmu_pc.o
 .bss           0x00006ee8        0x0 mem_mmu_pc_asm.o
 .bss           0x00006ee8        0xc standby_twi.o
 .bss           0x00006ef4        0x0 standby_delay.o
 .bss           0x00006ef4       0x28 standby_int.o
 .bss           0x00006f1c       0x20 standby_tmr.o
 .bss           0x00006f3c        0x0 common.o
 .bss           0x00006f3c       0x20 standby_clock.o
 .bss           0x00006f5c        0x0 mem_cpu.o
 .bss           0x00006f5c        0x0 standby_power.o
 .bss           0x00006f5c        0x0 dram/dram.o
 .bss           0x00006f5c        0x0 dram/dram_init.o
 .bss           0x00006f5c        0x4 mem_tmr.o
 *(COMMON)
 COMMON         0x00006f60        0x4 standby_clock.o
                0x00006f60                cpu_ms_loopcnt
                0x00006f64                __bss_end = .
                0x00006f64                __resume1_end = .
LOAD resume1.o
LOAD mem_power.o
LOAD pm_debug.o
LOAD stack.o
LOAD mem_mmu_pc.o
LOAD mem_mmu_pc_asm.o
LOAD standby_twi.o
LOAD standby_delay.o
LOAD standby_int.o
LOAD standby_tmr.o
LOAD common.o
LOAD standby_clock.o
LOAD mem_cpu.o
LOAD standby_power.o
LOAD dram/dram.o
LOAD dram/dram_init.o
LOAD mem_tmr.o
OUTPUT(resume1.elf elf32-littlearm)

.debug_abbrev   0x00000000      0xf5b
 .debug_abbrev  0x00000000      0x122 resume1.o
 .debug_abbrev  0x00000122       0xba mem_power.o
 .debug_abbrev  0x000001dc       0x9f pm_debug.o
 .debug_abbrev  0x0000027b       0x14 stack.o
 .debug_abbrev  0x0000028f       0xb7 mem_mmu_pc.o
 .debug_abbrev  0x00000346       0x14 mem_mmu_pc_asm.o
 .debug_abbrev  0x0000035a      0x1ef standby_twi.o
 .debug_abbrev  0x00000549       0x14 standby_delay.o
 .debug_abbrev  0x0000055d       0xdd standby_int.o
 .debug_abbrev  0x0000063a      0x11b standby_tmr.o
 .debug_abbrev  0x00000755       0x9c common.o
 .debug_abbrev  0x000007f1      0x16a standby_clock.o
 .debug_abbrev  0x0000095b       0xe6 mem_cpu.o
 .debug_abbrev  0x00000a41      0x134 standby_power.o
 .debug_abbrev  0x00000b75      0x1af dram/dram.o
 .debug_abbrev  0x00000d24      0x19c dram/dram_init.o
 .debug_abbrev  0x00000ec0       0x9b mem_tmr.o

.debug_info     0x00000000     0x6f00
 .debug_info    0x00000000      0x601 resume1.o
 .debug_info    0x00000601      0x16c mem_power.o
 .debug_info    0x0000076d      0x14b pm_debug.o
 .debug_info    0x000008b8       0x86 stack.o
 .debug_info    0x0000093e      0x16d mem_mmu_pc.o
 .debug_info    0x00000aab       0x92 mem_mmu_pc_asm.o
 .debug_info    0x00000b3d     0x215b standby_twi.o
 .debug_info    0x00002c98       0x8e standby_delay.o
 .debug_info    0x00002d26      0x356 standby_int.o
 .debug_info    0x0000307c      0x53a standby_tmr.o
 .debug_info    0x000035b6      0x117 common.o
 .debug_info    0x000036cd     0x2134 standby_clock.o
 .debug_info    0x00005801      0x419 mem_cpu.o
 .debug_info    0x00005c1a      0x3aa standby_power.o
 .debug_info    0x00005fc4      0x54a dram/dram.o
 .debug_info    0x0000650e      0x61f dram/dram_init.o
 .debug_info    0x00006b2d      0x3d3 mem_tmr.o

.debug_line     0x00000000     0x1158
 .debug_line    0x00000000       0xe3 resume1.o
 .debug_line    0x000000e3       0xbc mem_power.o
 .debug_line    0x0000019f       0x6d pm_debug.o
 .debug_line    0x0000020c      0x131 stack.o
 .debug_line    0x0000033d       0x7e mem_mmu_pc.o
 .debug_line    0x000003bb       0x8a mem_mmu_pc_asm.o
 .debug_line    0x00000445      0x294 standby_twi.o
 .debug_line    0x000006d9       0x41 standby_delay.o
 .debug_line    0x0000071a       0xaa standby_int.o
 .debug_line    0x000007c4       0xb6 standby_tmr.o
 .debug_line    0x0000087a       0x7b common.o
 .debug_line    0x000008f5      0x170 standby_clock.o
 .debug_line    0x00000a65      0x198 mem_cpu.o
 .debug_line    0x00000bfd      0x11f standby_power.o
 .debug_line    0x00000d1c      0x165 dram/dram.o
 .debug_line    0x00000e81      0x25a dram/dram_init.o
 .debug_line    0x000010db       0x7d mem_tmr.o

.debug_loc      0x00000000     0x1290
 .debug_loc     0x00000000       0x2c resume1.o
 .debug_loc     0x0000002c       0xb0 mem_power.o
 .debug_loc     0x000000dc      0x108 pm_debug.o
 .debug_loc     0x000001e4       0x84 mem_mmu_pc.o
 .debug_loc     0x00000268      0x108 standby_twi.o
 .debug_loc     0x00000370       0xb0 standby_int.o
 .debug_loc     0x00000420      0x134 standby_tmr.o
 .debug_loc     0x00000554       0x58 common.o
 .debug_loc     0x000005ac      0x318 standby_clock.o
 .debug_loc     0x000008c4       0xdc mem_cpu.o
 .debug_loc     0x000009a0      0x134 standby_power.o
 .debug_loc     0x00000ad4      0x370 dram/dram.o
 .debug_loc     0x00000e44      0x3f4 dram/dram_init.o
 .debug_loc     0x00001238       0x58 mem_tmr.o

.debug_pubnames
                0x00000000      0xa86
 .debug_pubnames
                0x00000000       0x26 resume1.o
 .debug_pubnames
                0x00000026       0x62 mem_power.o
 .debug_pubnames
                0x00000088       0x8c pm_debug.o
 .debug_pubnames
                0x00000114       0x49 mem_mmu_pc.o
 .debug_pubnames
                0x0000015d       0x74 standby_twi.o
 .debug_pubnames
                0x000001d1       0x69 standby_int.o
 .debug_pubnames
                0x0000023a       0xbd standby_tmr.o
 .debug_pubnames
                0x000002f7       0x38 common.o
 .debug_pubnames
                0x0000032f      0x1ee standby_clock.o
 .debug_pubnames
                0x0000051d       0x9e mem_cpu.o
 .debug_pubnames
                0x000005bb       0x70 standby_power.o
 .debug_pubnames
                0x0000062b      0x223 dram/dram.o
 .debug_pubnames
                0x0000084e      0x1f8 dram/dram_init.o
 .debug_pubnames
                0x00000a46       0x40 mem_tmr.o

.debug_pubtypes
                0x00000000     0x1582
 .debug_pubtypes
                0x00000000       0x75 resume1.o
 .debug_pubtypes
                0x00000075       0x37 mem_power.o
 .debug_pubtypes
                0x000000ac       0x1c pm_debug.o
 .debug_pubtypes
                0x000000c8       0x2a mem_mmu_pc.o
 .debug_pubtypes
                0x000000f2      0x947 standby_twi.o
 .debug_pubtypes
                0x00000a39       0x53 standby_int.o
 .debug_pubtypes
                0x00000a8c       0x69 standby_tmr.o
 .debug_pubtypes
                0x00000af5       0x1c common.o
 .debug_pubtypes
                0x00000b11      0x91e standby_clock.o
 .debug_pubtypes
                0x0000142f       0x2e mem_cpu.o
 .debug_pubtypes
                0x0000145d       0x63 standby_power.o
 .debug_pubtypes
                0x000014c0       0x26 dram/dram.o
 .debug_pubtypes
                0x000014e6       0x52 dram/dram_init.o
 .debug_pubtypes
                0x00001538       0x4a mem_tmr.o

.debug_aranges  0x00000000      0x220
 .debug_aranges
                0x00000000       0x20 resume1.o
 .debug_aranges
                0x00000020       0x20 mem_power.o
 .debug_aranges
                0x00000040       0x20 pm_debug.o
 .debug_aranges
                0x00000060       0x20 stack.o
 .debug_aranges
                0x00000080       0x20 mem_mmu_pc.o
 .debug_aranges
                0x000000a0       0x20 mem_mmu_pc_asm.o
 .debug_aranges
                0x000000c0       0x20 standby_twi.o
 .debug_aranges
                0x000000e0       0x20 standby_delay.o
 .debug_aranges
                0x00000100       0x20 standby_int.o
 .debug_aranges
                0x00000120       0x20 standby_tmr.o
 .debug_aranges
                0x00000140       0x20 common.o
 .debug_aranges
                0x00000160       0x20 standby_clock.o
 .debug_aranges
                0x00000180       0x20 mem_cpu.o
 .debug_aranges
                0x000001a0       0x20 standby_power.o
 .debug_aranges
                0x000001c0       0x20 dram/dram.o
 .debug_aranges
                0x000001e0       0x20 dram/dram_init.o
 .debug_aranges
                0x00000200       0x20 mem_tmr.o

.debug_str      0x00000000     0x2128
 .debug_str     0x00000000      0x39f resume1.o
                                0x3f3 (size before relaxing)
 .debug_str     0x0000039f       0x9e mem_power.o
                                0x186 (size before relaxing)
 .debug_str     0x0000043d       0x7a pm_debug.o
                                0x155 (size before relaxing)
 .debug_str     0x000004b7       0x3d mem_mmu_pc.o
                                0x152 (size before relaxing)
 .debug_str     0x000004f4      0xf01 standby_twi.o
                               0x1051 (size before relaxing)
 .debug_str     0x000013f5      0x1f2 standby_int.o
                                0x31c (size before relaxing)
 .debug_str     0x000015e7      0x255 standby_tmr.o
                                0x396 (size before relaxing)
 .debug_str     0x0000183c       0x4d common.o
                                0x120 (size before relaxing)
 .debug_str     0x00001889      0x1a6 standby_clock.o
                               0x10ce (size before relaxing)
 .debug_str     0x00001a2f       0xa0 mem_cpu.o
                                0x29c (size before relaxing)
 .debug_str     0x00001acf       0xfa standby_power.o
                                0x297 (size before relaxing)
 .debug_str     0x00001bc9      0x2b3 dram/dram.o
                                0x3bf (size before relaxing)
 .debug_str     0x00001e7c      0x276 dram/dram_init.o
                                0x3f3 (size before relaxing)
 .debug_str     0x000020f2       0x36 mem_tmr.o
                                0x2f8 (size before relaxing)

.comment        0x00000000       0x2a
 .comment       0x00000000       0x2a resume1.o
                                 0x2b (size before relaxing)
 .comment       0x00000000       0x2b mem_power.o
 .comment       0x00000000       0x2b pm_debug.o
 .comment       0x00000000       0x2b mem_mmu_pc.o
 .comment       0x00000000       0x2b standby_twi.o
 .comment       0x00000000       0x2b standby_int.o
 .comment       0x00000000       0x2b standby_tmr.o
 .comment       0x00000000       0x2b common.o
 .comment       0x00000000       0x2b standby_clock.o
 .comment       0x00000000       0x2b mem_cpu.o
 .comment       0x00000000       0x2b standby_power.o
 .comment       0x00000000       0x2b dram/dram.o
 .comment       0x00000000       0x2b dram/dram_init.o
 .comment       0x00000000       0x2b mem_tmr.o

.note.GNU-stack
                0x00000000        0x0
 .note.GNU-stack
                0x00000000        0x0 resume1.o
 .note.GNU-stack
                0x00000000        0x0 mem_power.o
 .note.GNU-stack
                0x00000000        0x0 pm_debug.o
 .note.GNU-stack
                0x00000000        0x0 mem_mmu_pc.o
 .note.GNU-stack
                0x00000000        0x0 standby_twi.o
 .note.GNU-stack
                0x00000000        0x0 standby_int.o
 .note.GNU-stack
                0x00000000        0x0 standby_tmr.o
 .note.GNU-stack
                0x00000000        0x0 common.o
 .note.GNU-stack
                0x00000000        0x0 standby_clock.o
 .note.GNU-stack
                0x00000000        0x0 mem_cpu.o
 .note.GNU-stack
                0x00000000        0x0 standby_power.o
 .note.GNU-stack
                0x00000000        0x0 dram/dram.o
 .note.GNU-stack
                0x00000000        0x0 dram/dram_init.o
 .note.GNU-stack
                0x00000000        0x0 mem_tmr.o

.ARM.attributes
                0x00000000       0x2d
 .ARM.attributes
                0x00000000       0x2f resume1.o
 .ARM.attributes
                0x0000002f       0x2f mem_power.o
 .ARM.attributes
                0x0000005e       0x2f pm_debug.o
 .ARM.attributes
                0x0000008d       0x1f stack.o
 .ARM.attributes
                0x000000ac       0x2f mem_mmu_pc.o
 .ARM.attributes
                0x000000db       0x1f mem_mmu_pc_asm.o
 .ARM.attributes
                0x000000fa       0x2f standby_twi.o
 .ARM.attributes
                0x00000129       0x1f standby_delay.o
 .ARM.attributes
                0x00000148       0x2f standby_int.o
 .ARM.attributes
                0x00000177       0x2f standby_tmr.o
 .ARM.attributes
                0x000001a6       0x2f common.o
 .ARM.attributes
                0x000001d5       0x2f standby_clock.o
 .ARM.attributes
                0x00000204       0x2f mem_cpu.o
 .ARM.attributes
                0x00000233       0x2f standby_power.o
 .ARM.attributes
                0x00000262       0x2f dram/dram.o
 .ARM.attributes
                0x00000291       0x2f dram/dram_init.o
 .ARM.attributes
                0x000002c0       0x2f mem_tmr.o

.debug_frame    0x00000000      0xbb0
 .debug_frame   0x00000000       0x2c resume1.o
 .debug_frame   0x0000002c       0x80 mem_power.o
 .debug_frame   0x000000ac       0xa0 pm_debug.o
 .debug_frame   0x0000014c       0x5c mem_mmu_pc.o
 .debug_frame   0x000001a8       0xac standby_twi.o
 .debug_frame   0x00000254       0x70 standby_int.o
 .debug_frame   0x000002c4       0xc0 standby_tmr.o
 .debug_frame   0x00000384       0x44 common.o
 .debug_frame   0x000003c8      0x1c0 standby_clock.o
 .debug_frame   0x00000588       0x88 mem_cpu.o
 .debug_frame   0x00000610       0xc8 standby_power.o
 .debug_frame   0x000006d8      0x234 dram/dram.o
 .debug_frame   0x0000090c      0x264 dram/dram_init.o
 .debug_frame   0x00000b70       0x40 mem_tmr.o
